[0.013s][info][gc] Using G1
[0.017s][info][gc,init] Version: 17.0.4+8 (release)
[0.017s][info][gc,init] CPUs: 8 total, 8 available
[0.017s][info][gc,init] Memory: 32648M
[0.017s][info][gc,init] Large Page Support: Disabled
[0.017s][info][gc,init] NUMA Support: Disabled
[0.017s][info][gc,init] Compressed Oops: Enabled (Zero based)
[0.017s][info][gc,init] Heap Region Size: 4M
[0.017s][info][gc,init] Heap Min Capacity: 8M
[0.017s][info][gc,init] Heap Initial Capacity: 512M
[0.017s][info][gc,init] Heap Max Capacity: 8164M
[0.017s][info][gc,init] Pre-touch: Disabled
[0.017s][info][gc,init] Parallel Workers: 8
[0.017s][info][gc,init] Concurrent Workers: 2
[0.017s][info][gc,init] Concurrent Refinement Workers: 8
[0.017s][info][gc,init] Periodic GC: Disabled
[0.025s][info][gc,metaspace] CDS archive(s) mapped at: [0x0000000800000000-0x0000000800bc0000-0x0000000800bc0000), size 12320768, SharedBaseAddress: 0x0000000800000000, ArchiveRelocationMode: 0.
[0.025s][info][gc,metaspace] Compressed class space mapped at: 0x0000000800c00000-0x0000000840c00000, reserved size: 1073741824
[0.025s][info][gc,metaspace] Narrow klass base: 0x0000000800000000, Narrow klass shift: 0, Narrow klass range: 0x100000000
[0.634s][info][gc,start    ] GC(0) Pause Young (Normal) (G1 Evacuation Pause)
[0.634s][info][gc,task     ] GC(0) Using 8 workers of 8 for evacuation
[0.639s][info][gc,phases   ] GC(0)   Pre Evacuate Collection Set: 0.1ms
[0.639s][info][gc,phases   ] GC(0)   Merge Heap Roots: 0.2ms
[0.639s][info][gc,phases   ] GC(0)   Evacuate Collection Set: 3.6ms
[0.639s][info][gc,phases   ] GC(0)   Post Evacuate Collection Set: 0.4ms
[0.639s][info][gc,phases   ] GC(0)   Other: 0.5ms
[0.639s][info][gc,heap     ] GC(0) Eden regions: 6->0(5)
[0.639s][info][gc,heap     ] GC(0) Survivor regions: 0->1(1)
[0.639s][info][gc,heap     ] GC(0) Old regions: 0->1
[0.639s][info][gc,heap     ] GC(0) Archive regions: 0->0
[0.639s][info][gc,heap     ] GC(0) Humongous regions: 0->0
[0.639s][info][gc,metaspace] GC(0) Metaspace: 6605K(6784K)->6605K(6784K) NonClass: 5867K(5952K)->5867K(5952K) Class: 737K(832K)->737K(832K)
[0.639s][info][gc          ] GC(0) Pause Young (Normal) (G1 Evacuation Pause) 24M->7M(512M) 5.184ms
[0.639s][info][gc,cpu      ] GC(0) User=0.00s Sys=0.00s Real=0.00s
[0.661s][info][gc,start    ] GC(1) Pause Young (Normal) (G1 Evacuation Pause)
[0.661s][info][gc,task     ] GC(1) Using 8 workers of 8 for evacuation
[0.664s][info][gc,phases   ] GC(1)   Pre Evacuate Collection Set: 0.1ms
[0.664s][info][gc,phases   ] GC(1)   Merge Heap Roots: 0.1ms
[0.664s][info][gc,phases   ] GC(1)   Evacuate Collection Set: 2.2ms
[0.664s][info][gc,phases   ] GC(1)   Post Evacuate Collection Set: 0.2ms
[0.664s][info][gc,phases   ] GC(1)   Other: 0.2ms
[0.664s][info][gc,heap     ] GC(1) Eden regions: 5->0(15)
[0.664s][info][gc,heap     ] GC(1) Survivor regions: 1->1(1)
[0.664s][info][gc,heap     ] GC(1) Old regions: 1->3
[0.664s][info][gc,heap     ] GC(1) Archive regions: 0->0
[0.664s][info][gc,heap     ] GC(1) Humongous regions: 0->0
[0.664s][info][gc,metaspace] GC(1) Metaspace: 6607K(6784K)->6607K(6784K) NonClass: 5869K(5952K)->5869K(5952K) Class: 737K(832K)->737K(832K)
[0.664s][info][gc          ] GC(1) Pause Young (Normal) (G1 Evacuation Pause) 27M->11M(512M) 3.117ms
[0.664s][info][gc,cpu      ] GC(1) User=0.12s Sys=0.00s Real=0.00s
[0.758s][info][gc,start    ] GC(2) Pause Young (Normal) (G1 Evacuation Pause)
[0.758s][info][gc,task     ] GC(2) Using 8 workers of 8 for evacuation
[0.760s][info][gc,phases   ] GC(2)   Pre Evacuate Collection Set: 0.0ms
[0.760s][info][gc,phases   ] GC(2)   Merge Heap Roots: 0.0ms
[0.760s][info][gc,phases   ] GC(2)   Evacuate Collection Set: 0.9ms
[0.760s][info][gc,phases   ] GC(2)   Post Evacuate Collection Set: 0.2ms
[0.760s][info][gc,phases   ] GC(2)   Other: 0.2ms
[0.760s][info][gc,heap     ] GC(2) Eden regions: 15->0(75)
[0.760s][info][gc,heap     ] GC(2) Survivor regions: 1->1(2)
[0.760s][info][gc,heap     ] GC(2) Old regions: 3->3
[0.760s][info][gc,heap     ] GC(2) Archive regions: 0->0
[0.760s][info][gc,heap     ] GC(2) Humongous regions: 1->1
[0.760s][info][gc,metaspace] GC(2) Metaspace: 6609K(6784K)->6609K(6784K) NonClass: 5871K(5952K)->5871K(5952K) Class: 737K(832K)->737K(832K)
[0.760s][info][gc          ] GC(2) Pause Young (Normal) (G1 Evacuation Pause) 75M->15M(512M) 1.773ms
[0.760s][info][gc,cpu      ] GC(2) User=0.00s Sys=0.00s Real=0.00s
[1.073s][info][gc,start    ] GC(3) Pause Young (Normal) (G1 Evacuation Pause)
[1.073s][info][gc,task     ] GC(3) Using 8 workers of 8 for evacuation
[1.074s][info][gc,phases   ] GC(3)   Pre Evacuate Collection Set: 0.0ms
[1.074s][info][gc,phases   ] GC(3)   Merge Heap Roots: 0.1ms
[1.074s][info][gc,phases   ] GC(3)   Evacuate Collection Set: 0.2ms
[1.074s][info][gc,phases   ] GC(3)   Post Evacuate Collection Set: 0.3ms
[1.074s][info][gc,phases   ] GC(3)   Other: 0.2ms
[1.074s][info][gc,heap     ] GC(3) Eden regions: 75->0(75)
[1.074s][info][gc,heap     ] GC(3) Survivor regions: 1->1(10)
[1.074s][info][gc,heap     ] GC(3) Old regions: 3->3
[1.074s][info][gc,heap     ] GC(3) Archive regions: 0->0
[1.074s][info][gc,heap     ] GC(3) Humongous regions: 9->5
[1.074s][info][gc,metaspace] GC(3) Metaspace: 6609K(6784K)->6609K(6784K) NonClass: 5871K(5952K)->5871K(5952K) Class: 737K(832K)->737K(832K)
[1.074s][info][gc          ] GC(3) Pause Young (Normal) (G1 Evacuation Pause) 347M->30M(512M) 1.019ms
[1.074s][info][gc,cpu      ] GC(3) User=0.00s Sys=0.00s Real=0.00s
[1.223s][info][gc,start    ] GC(4) Pause Young (Normal) (G1 Evacuation Pause)
[1.223s][info][gc,task     ] GC(4) Using 8 workers of 8 for evacuation
[1.224s][info][gc,phases   ] GC(4)   Pre Evacuate Collection Set: 0.2ms
[1.224s][info][gc,phases   ] GC(4)   Merge Heap Roots: 0.2ms
[1.224s][info][gc,phases   ] GC(4)   Evacuate Collection Set: 0.4ms
[1.224s][info][gc,phases   ] GC(4)   Post Evacuate Collection Set: 0.5ms
[1.224s][info][gc,phases   ] GC(4)   Other: 0.2ms
[1.224s][info][gc,heap     ] GC(4) Eden regions: 75->0(75)
[1.224s][info][gc,heap     ] GC(4) Survivor regions: 1->1(10)
[1.224s][info][gc,heap     ] GC(4) Old regions: 3->3
[1.224s][info][gc,heap     ] GC(4) Archive regions: 0->0
[1.224s][info][gc,heap     ] GC(4) Humongous regions: 13->8
[1.224s][info][gc,metaspace] GC(4) Metaspace: 6788K(6912K)->6788K(6912K) NonClass: 6038K(6080K)->6038K(6080K) Class: 749K(832K)->749K(832K)
[1.224s][info][gc          ] GC(4) Pause Young (Normal) (G1 Evacuation Pause) 362M->43M(512M) 1.590ms
[1.224s][info][gc,cpu      ] GC(4) User=0.00s Sys=0.00s Real=0.00s
[1.365s][info][gc,start    ] GC(5) Pause Young (Normal) (G1 Evacuation Pause)
[1.365s][info][gc,task     ] GC(5) Using 8 workers of 8 for evacuation
[1.366s][info][gc,phases   ] GC(5)   Pre Evacuate Collection Set: 0.2ms
[1.366s][info][gc,phases   ] GC(5)   Merge Heap Roots: 0.2ms
[1.366s][info][gc,phases   ] GC(5)   Evacuate Collection Set: 0.4ms
[1.366s][info][gc,phases   ] GC(5)   Post Evacuate Collection Set: 0.6ms
[1.366s][info][gc,phases   ] GC(5)   Other: 0.1ms
[1.366s][info][gc,heap     ] GC(5) Eden regions: 75->0(75)
[1.366s][info][gc,heap     ] GC(5) Survivor regions: 1->1(10)
[1.366s][info][gc,heap     ] GC(5) Old regions: 3->3
[1.366s][info][gc,heap     ] GC(5) Archive regions: 0->0
[1.366s][info][gc,heap     ] GC(5) Humongous regions: 17->12
[1.366s][info][gc,metaspace] GC(5) Metaspace: 6788K(6912K)->6788K(6912K) NonClass: 6039K(6080K)->6039K(6080K) Class: 749K(832K)->749K(832K)
[1.366s][info][gc          ] GC(5) Pause Young (Normal) (G1 Evacuation Pause) 379M->59M(512M) 1.712ms
[1.366s][info][gc,cpu      ] GC(5) User=0.00s Sys=0.00s Real=0.00s
[15.785s][info][gc,heap,exit] Heap
[15.785s][info][gc,heap,exit]  garbage-first heap   total 524288K, used 240677K [0x0000000601c00000, 0x0000000800000000)
[15.786s][info][gc,heap,exit]   region size 4096K, 39 young (159744K), 1 survivors (4096K)
[15.786s][info][gc,heap,exit]  Metaspace       used 8080K, committed 8192K, reserved 1056768K
[15.786s][info][gc,heap,exit]   class space    used 845K, committed 896K, reserved 1048576K
